nftset=/discord-activities.com/4#inet#router_fw#vpn4
nftset=/discord-attachments-uploads-prd.storage.googleapis.com/4#inet#router_fw#vpn4
nftset=/discord.co/4#inet#router_fw#vpn4
nftset=/discord.com/4#inet#router_fw#vpn4
nftset=/discord.design/4#inet#router_fw#vpn4
nftset=/discord.dev/4#inet#router_fw#vpn4
nftset=/discord.gg/4#inet#router_fw#vpn4
nftset=/discord.gift/4#inet#router_fw#vpn4
nftset=/discord.gifts/4#inet#router_fw#vpn4
nftset=/discord.media/4#inet#router_fw#vpn4
nftset=/discord.new/4#inet#router_fw#vpn4
nftset=/discord.store/4#inet#router_fw#vpn4
nftset=/discord.tools/4#inet#router_fw#vpn4
nftset=/discordactivities.com/4#inet#router_fw#vpn4
nftset=/discordapp.com/4#inet#router_fw#vpn4
nftset=/discordapp.net/4#inet#router_fw#vpn4
nftset=/discordmerch.com/4#inet#router_fw#vpn4
nftset=/discordpartygames.com/4#inet#router_fw#vpn4
nftset=/discordsays.com/4#inet#router_fw#vpn4
nftset=/cdn.discordapp.com/4#inet#router_fw#vpn4
nftset=/4pda.to/4#inet#router_fw#vpn4
nftset=/4pda.ws/4#inet#router_fw#vpn4
nftset=/adguard.com/4#inet#router_fw#vpn4
nftset=/ads-twitter.com/4#inet#router_fw#vpn4
nftset=/twitter.biz/4#inet#router_fw#vpn4
nftset=/twitter.com/4#inet#router_fw#vpn4
nftset=/twitter.jp/4#inet#router_fw#vpn4
nftset=/twittercommunity.com/4#inet#router_fw#vpn4
nftset=/twitterflightschool.com/4#inet#router_fw#vpn4
nftset=/twitterinc.com/4#inet#router_fw#vpn4
nftset=/twitteroauth.com/4#inet#router_fw#vpn4
nftset=/twitterstat.us/4#inet#router_fw#vpn4
nftset=/anidub.com/4#inet#router_fw#vpn4
nftset=/strimzi.io/4#inet#router_fw#vpn4
nftset=/anilib.me/4#inet#router_fw#vpn4
nftset=/anilibria.org/4#inet#router_fw#vpn4
nftset=/anilibria.tv/4#inet#router_fw#vpn4
nftset=/anilibria.uno/4#inet#router_fw#vpn4
nftset=/anilibria.wtf/4#inet#router_fw#vpn4
nftset=/animaunt.org/4#inet#router_fw#vpn4
nftset=/anime-portal.su/4#inet#router_fw#vpn4
nftset=/animebest.org/4#inet#router_fw#vpn4
nftset=/animedia.tv/4#inet#router_fw#vpn4
nftset=/animego.org/4#inet#router_fw#vpn4
nftset=/animespirit.ru/4#inet#router_fw#vpn4
nftset=/anistar.org/4#inet#router_fw#vpn4
nftset=/anistars.ru/4#inet#router_fw#vpn4
nftset=/chat.com/4#inet#router_fw#vpn4
nftset=/chat.openai.com.cdn.cloudflare.net/4#inet#router_fw#vpn4
nftset=/chatgpt.com/4#inet#router_fw#vpn4
nftset=/facebook.com/4#inet#router_fw#vpn4
nftset=/facebook.net/4#inet#router_fw#vpn4
nftset=/fansly.com/4#inet#router_fw#vpn4
nftset=/fast-torrent.club/4#inet#router_fw#vpn4
nftset=/fast.com/4#inet#router_fw#vpn4
nftset=/fb.com/4#inet#router_fw#vpn4
nftset=/hashicorp.com/4#inet#router_fw#vpn4
nftset=/medium.com/4#inet#router_fw#vpn4
nftset=/rutor.info/4#inet#router_fw#vpn4
nftset=/rutor.is/4#inet#router_fw#vpn4
nftset=/rutor.org/4#inet#router_fw#vpn4
nftset=/rutracker.cc/4#inet#router_fw#vpn4
nftset=/rutracker.net/4#inet#router_fw#vpn4
nftset=/rutracker.org/4#inet#router_fw#vpn4
nftset=/rutracker.wiki/4#inet#router_fw#vpn4
nftset=/yummyani.me/4#inet#router_fw#vpn4
nftset=/spotify.com/4#inet#router_fw#vpn4
nftset=/twin.me/4#inet#router_fw#vpn4
nftset=/twinlife-systems.com/4#inet#router_fw#vpn4
nftset=/twinme.com/4#inet#router_fw#vpn4
nftset=/twirpx.com/4#inet#router_fw#vpn4
nftset=/twitpic.com/4#inet#router_fw#vpn4
nftset=/twitter.biz/4#inet#router_fw#vpn4
nftset=/twitter.com/4#inet#router_fw#vpn4
nftset=/twitter.jp/4#inet#router_fw#vpn4
nftset=/twittercommunity.com/4#inet#router_fw#vpn4
nftset=/twitterflightschool.com/4#inet#router_fw#vpn4
nftset=/twitterinc.com/4#inet#router_fw#vpn4
nftset=/twitteroauth.com/4#inet#router_fw#vpn4
nftset=/twitterstat.us/4#inet#router_fw#vpn4
nftset=/twtrdns.net/4#inet#router_fw#vpn4
nftset=/twttr.com/4#inet#router_fw#vpn4
nftset=/twttr.net/4#inet#router_fw#vpn4
nftset=/twvid.com/4#inet#router_fw#vpn4
nftset=/x.ai/4#inet#router_fw#vpn4
nftset=/x.com/4#inet#router_fw#vpn4
nftset=/gemini.google.com/4#inet#router_fw#vpn4
nftset=/ai.google.dev/4#inet#router_fw#vpn4
nftset=/gstatic.com/4#inet#router_fw#vpn4
nftset=/googleapis.com/4#inet#router_fw#vpn4
nftset=/googleusercontent.com/4#inet#router_fw#vpn4
nftset=/linkedin.com/4#inet#router_fw#vpn4
nftset=/android.chat.openai.com/4#inet#router_fw#vpn4
nftset=/auth.openai.com/4#inet#router_fw#vpn4
nftset=/ab.chatgpt.com/4#inet#router_fw#vpn4
nftset=/youtube-nocookie.com/4#inet#router_fw#vpn4
nftset=/youtube-ui.l.google.com/4#inet#router_fw#vpn4
nftset=/youtube.com/4#inet#router_fw#vpn4
nftset=/youtubeembeddedplayer.googleapis.com/4#inet#router_fw#vpn4
nftset=/youtubei.googleapis.com/4#inet#router_fw#vpn4
nftset=/youtubekids.com/4#inet#router_fw#vpn4
nftset=/wide-youtube.l.google.com/4#inet#router_fw#vpn4
nftset=/returnyoutubedislikeapi.com/4#inet#router_fw#vpn4
nftset=/youtu.be/4#inet#router_fw#vpn4
nftset=/googlevideo.com/4#inet#router_fw#vpn4
nftset=/acctcdnmsftuswe2.azureedge.net/4#inet#router_fw#vpn4
nftset=/acctcdnvzeuno.azureedge.net/4#inet#router_fw#vpn4
nftset=/api.github.com/4#inet#router_fw#vpn4
nftset=/api.githubcopilot.com/4#inet#router_fw#vpn4
nftset=/browser.events.data.microsoft.com/4#inet#router_fw#vpn4
nftset=/cdn.sapphire.microsoftapp.net/4#inet#router_fw#vpn4
nftset=/copilot-proxy.githubusercontent.com/4#inet#router_fw#vpn4
nftset=/copilot-telemetry.githubusercontent.com/4#inet#router_fw#vpn4
nftset=/copilot.microsoft.com/4#inet#router_fw#vpn4
nftset=/dual-a-0001.a-msedge.net/4#inet#router_fw#vpn4
nftset=/eagle.sapphire.microsoftapp.net/4#inet#router_fw#vpn4
nftset=/edge.microsoft.com/4#inet#router_fw#vpn4
nftset=/edgeservices.bing.com/4#inet#router_fw#vpn4
nftset=/feedcdn.sapphire.microsoftapp.net/4#inet#router_fw#vpn4
nftset=/fpt2.microsoft.com/4#inet#router_fw#vpn4
nftset=/gateway.bingviz.microsoftapp.net/4#inet#router_fw#vpn4
nftset=/githubcopilot.com/4#inet#router_fw#vpn4
nftset=/in.appcenter.ms/4#inet#router_fw#vpn4
nftset=/lgincdnmsftuswe2.azureedge.net/4#inet#router_fw#vpn4
nftset=/lgincdnvzeuno.azureedge.net/4#inet#router_fw#vpn4
nftset=/location.microsoft.com/4#inet#router_fw#vpn4
nftset=/sapphire.api.microsoftapp.net/4#inet#router_fw#vpn4
nftset=/self.events.data.microsoft.com/4#inet#router_fw#vpn4
nftset=/services.bingapis.com/4#inet#router_fw#vpn4
nftset=/sydney.bing.com/4#inet#router_fw#vpn4
nftset=/github.gallerycdn.vsassets.io/4#inet#router_fw#vpn4
nftset=/ucarecdn.com/4#inet#router_fw#vpn4
nftset=/fluxcd.io/4#inet#router_fw#vpn4
nftset=/pornolab.net/4#inet#router_fw#vpn4
nftset=/pornhub.com/4#inet#router_fw#vpn4
nftset=/charts.bitnami.com/4#inet#router_fw#vpn4
nftset=/claude.com/4#inet#router_fw#vpn4
nftset=/hashicorp.com/4#inet#router_fw#vpn4
nftset=/confluent.io/4#inet#router_fw#vpn4
nftset=/temporal.io/4#inet#router_fw#vpn4
nftset=/zvukipro.com/4#inet#router_fw#vpn4
nftset=/pixabay.com/4#inet#router_fw#vpn4
nftset=/www.myinstants.com/4#inet#router_fw#vpn4
nftset=/shikimori.one/4#inet#router_fw#vpn4
nftset=/cert-manager.io/4#inet#router_fw#vpn4
nftset=/pytorch.org/4#inet#router_fw#vpn4
nftset=/redshieldvpn.com/4#inet#router_fw#vpn4
nftset=/authenticator.cursor.sh/4#inet#router_fw#vpn4
nftset=/api.x.ai/4#inet#router_fw#vpn4
nftset=/asia-south1-livekit.grok.com/4#inet#router_fw#vpn4
nftset=/assets.grok.com/4#inet#router_fw#vpn4
nftset=/assets.x.ai/4#inet#router_fw#vpn4
nftset=/console.x.ai/4#inet#router_fw#vpn4
nftset=/data.x.ai/4#inet#router_fw#vpn4
nftset=/deferred-chat.x.ai/4#inet#router_fw#vpn4
nftset=/docs.x.ai/4#inet#router_fw#vpn4
nftset=/eu-west-1.api.x.ai/4#inet#router_fw#vpn4
nftset=/grok.com/4#inet#router_fw#vpn4
nftset=/grok.x.ai/4#inet#router_fw#vpn4
nftset=/imgen.x.ai/4#inet#router_fw#vpn4
nftset=/jf.x.ai/4#inet#router_fw#vpn4
nftset=/livekit.grok.com/4#inet#router_fw#vpn4
nftset=/login.x.ai/4#inet#router_fw#vpn4
nftset=/ssff.grok.com/4#inet#router_fw#vpn4
nftset=/status.x.ai/4#inet#router_fw#vpn4
nftset=/transcription.grok-v2.x.ai/4#inet#router_fw#vpn4
nftset=/trust.x.ai/4#inet#router_fw#vpn4
nftset=/typeahead.grok.com/4#inet#router_fw#vpn4
nftset=/us-east-1.api.x.ai/4#inet#router_fw#vpn4
nftset=/us-east-4-raw.api.x.ai/4#inet#router_fw#vpn4
nftset=/us-south-1-pltr.api.x.ai/4#inet#router_fw#vpn4
nftset=/us-west-1-raw.api.x.ai/4#inet#router_fw#vpn4
nftset=/us-west-1.api.x.ai/4#inet#router_fw#vpn4
nftset=/www.grok.com/4#inet#router_fw#vpn4
nftset=/www.x.ai/4#inet#router_fw#vpn4
nftset=/api.k8slens.dev/4#inet#router_fw#vpn4
nftset=/files.oaiusercontent.com/4#inet#router_fw#vpn4
nftset=/oaiusercontent.com/4#inet#router_fw#vpn4
nftset=/telegram.org/4#inet#router_fw#vpn4
nftset=/t.me/4#inet#router_fw#vpn4
nftset=/telegram.me/4#inet#router_fw#vpn4
nftset=/tdesktop.com/4#inet#router_fw#vpn4
nftset=/telesco.pe/4#inet#router_fw#vpn4
nftset=/telegra.ph/4#inet#router_fw#vpn4
nftset=/graph.org/4#inet#router_fw#vpn4
nftset=/tx.me/4#inet#router_fw#vpn4
nftset=/api.telegram.org/4#inet#router_fw#vpn4
nftset=/core.telegram.org/4#inet#router_fw#vpn4
nftset=/web.telegram.org/4#inet#router_fw#vpn4
nftset=/cdn.telegram.org/4#inet#router_fw#vpn4
nftset=/cdn-telegram.org/4#inet#router_fw#vpn4
nftset=/cdn1.cdn-telegram.org/4#inet#router_fw#vpn4
nftset=/cdn2.cdn-telegram.org/4#inet#router_fw#vpn4
nftset=/cdn3.cdn-telegram.org/4#inet#router_fw#vpn4
nftset=/cdn4.cdn-telegram.org/4#inet#router_fw#vpn4
nftset=/cdn5.cdn-telegram.org/4#inet#router_fw#vpn4
nftset=/api.telegram.org/4#inet#router_fw#vpn4
nftset=/bot.telegram.org/4#inet#router_fw#vpn4
nftset=/telegram.dog/4#inet#router_fw#vpn4
nftset=/telegram.space/4#inet#router_fw#vpn4
nftset=/a-api.anthropic.com/4#inet#router_fw#vpn4
nftset=/a-cdn.anthropic.com/4#inet#router_fw#vpn4
nftset=/anthropic.com/4#inet#router_fw#vpn4
nftset=/api-iam.intercom.io/4#inet#router_fw#vpn4
nftset=/api.anthropic.com/4#inet#router_fw#vpn4
nftset=/api.claude.ai/4#inet#router_fw#vpn4
nftset=/api.console.anthropic.com/4#inet#router_fw#vpn4
nftset=/claude.ai/4#inet#router_fw#vpn4
nftset=/claudeusercontent.com/4#inet#router_fw#vpn4
nftset=/console.anthropic.com/4#inet#router_fw#vpn4
nftset=/downloads.intercomcdn.com/4#inet#router_fw#vpn4
nftset=/js.intercomcdn.com/4#inet#router_fw#vpn4
nftset=/messenger-apps.intercom.io/4#inet#router_fw#vpn4
nftset=/nexus-websocket-a.intercom.io/4#inet#router_fw#vpn4
nftset=/s-cdn.anthropic.com/4#inet#router_fw#vpn4
nftset=/static.intercomassets.com/4#inet#router_fw#vpn4
nftset=/statsig.anthropic.com/4#inet#router_fw#vpn4
nftset=/status.anthropic.com/4#inet#router_fw#vpn4
nftset=/support.anthropic.com/4#inet#router_fw#vpn4
nftset=/widget.intercom.io/4#inet#router_fw#vpn4
nftset=/www.anthropic.com/4#inet#router_fw#vpn4
nftset=/www.claude.ai/4#inet#router_fw#vpn4
nftset=/www.claudeusercontent.com/4#inet#router_fw#vpn4
nftset=/www.intercom.io/4#inet#router_fw#vpn4
nftset=/claude.ai/4#inet#router_fw#vpn4
nftset=/.claude.ai/4#inet#router_fw#vpn4
nftset=/anthropic.com/4#inet#router_fw#vpn4
nftset=/.anthropic.com/4#inet#router_fw#vpn4
nftset=/platform.claude.com/4#inet#router_fw#vpn4
nftset=/api.anthropic.com/4#inet#router_fw#vpn4
nftset=/downloads.claude.ai/4#inet#router_fw#vpn4
nftset=/assets.claude.ai/4#inet#router_fw#vpn4
nftset=/cdn.claude.ai/4#inet#router_fw#vpn4
nftset=/sso.claude.ai/4#inet#router_fw#vpn4
nftset=/a.claude.ai/4#inet#router_fw#vpn4
nftset=/console.claude.ai/4#inet#router_fw#vpn4
nftset=/console.anthropic.com/4#inet#router_fw#vpn4
nftset=/storage.googleapis.com/4#inet#router_fw#vpn4