nftset=/telegram.org/4#inet#fw4#vpn_domains
nftset=/t.me/4#inet#fw4#vpn_domains
nftset=/telegra.ph/4#inet#fw4#vpn_domains
nftset=/tdesktop.com/4#inet#fw4#vpn_domains
nftset=/telegram.dog/4#inet#fw4#vpn_domains
nftset=/telegram.me/4#inet#fw4#vpn_domains
nftset=/telegram.space/4#inet#fw4#vpn_domains
nftset=/telegram.photo/4#inet#fw4#vpn_domains
nftset=/core.telegram.org/4#inet#fw4#vpn_domains
nftset=/api.telegram.org/4#inet#fw4#vpn_domains
nftset=/mtproto.telegram.org/4#inet#fw4#vpn_domains
nftset=/my.telegram.org/4#inet#fw4#vpn_domains
nftset=/veni.telegram.org/4#inet#fw4#vpn_domains
nftset=/vidi.telegram.org/4#inet#fw4#vpn_domains
nftset=/web.telegram.org/4#inet#fw4#vpn_domains
nftset=/webk.telegram.org/4#inet#fw4#vpn_domains
nftset=/webz.telegram.org/4#inet#fw4#vpn_domains
nftset=/updates.telegram.org/4#inet#fw4#vpn_domains
nftset=/desktop.telegram.org/4#inet#fw4#vpn_domains
nftset=/macos.telegram.org/4#inet#fw4#vpn_domains
nftset=/android.telegram.org/4#inet#fw4#vpn_domains
nftset=/ios.telegram.org/4#inet#fw4#vpn_domains
nftset=/telesco.pe/4#inet#fw4#vpn_domains
nftset=/stickers.telegram.org/4#inet#fw4#vpn_domains
nftset=/premium.telegram.org/4#inet#fw4#vpn_domains
nftset=/fragment.com/4#inet#fw4#vpn_domains
nftset=/fragment.telegram.org/4#inet#fw4#vpn_domains
nftset=/pay.telegram.org/4#inet#fw4#vpn_domains
nftset=/cdn.telegram.org/4#inet#fw4#vpn_domains
nftset=/cdn1.telegram.org/4#inet#fw4#vpn_domains
nftset=/cdn2.telegram.org/4#inet#fw4#vpn_domains
nftset=/cdn3.telegram.org/4#inet#fw4#vpn_domains
nftset=/cdn4.telegram.org/4#inet#fw4#vpn_domains
nftset=/cdn5.telegram.org/4#inet#fw4#vpn_domains
nftset=/cdn6.telegram.org/4#inet#fw4#vpn_domains
nftset=/auth.t.me/4#inet#fw4#vpn_domains
nftset=/ddl.t.me/4#inet#fw4#vpn_domains
nftset=/id.t.me/4#inet#fw4#vpn_domains
nftset=/login.t.me/4#inet#fw4#vpn_domains
nftset=/oauth.t.me/4#inet#fw4#vpn_domains
nftset=/pl.t.me/4#inet#fw4#vpn_domains
nftset=/promo.t.me/4#inet#fw4#vpn_domains
nftset=/proxy.t.me/4#inet#fw4#vpn_domains
nftset=/pwr.t.me/4#inet#fw4#vpn_domains
nftset=/staff.t.me/4#inet#fw4#vpn_domains
nftset=/sticker.t.me/4#inet#fw4#vpn_domains
nftset=/support.t.me/4#inet#fw4#vpn_domains
nftset=/test.t.me/4#inet#fw4#vpn_domains
nftset=/video.t.me/4#inet#fw4#vpn_domains
nftset=/pluto.telegram.org/4#inet#fw4#vpn_domains
nftset=/neptune.telegram.org/4#inet#fw4#vpn_domains
nftset=/jupiter.telegram.org/4#inet#fw4#vpn_domains
nftset=/mercury.telegram.org/4#inet#fw4#vpn_domains
nftset=/saturn.telegram.org/4#inet#fw4#vpn_domains
nftset=/uranus.telegram.org/4#inet#fw4#vpn_domains
nftset=/venus.telegram.org/4#inet#fw4#vpn_domains
nftset=/mars.telegram.org/4#inet#fw4#vpn_domains
nftset=/telegram.com/4#inet#fw4#vpn_domains
nftset=/blog.telegram.com/4#inet#fw4#vpn_domains
nftset=/press.telegram.com/4#inet#fw4#vpn_domains
nftset=/brand.telegram.com/4#inet#fw4#vpn_domains
nftset=/cbrands.telegram.com/4#inet#fw4#vpn_domains
nftset=/telegramads.com/4#inet#fw4#vpn_domains
nftset=/telegram.gg/4#inet#fw4#vpn_domains
nftset=/telegram.icu/4#inet#fw4#vpn_domains
nftset=/telegram.ink/4#inet#fw4#vpn_domains
nftset=/telegram.ooo/4#inet#fw4#vpn_domains
nftset=/telegram.plus/4#inet#fw4#vpn_domains
nftset=/telegram.tc/4#inet#fw4#vpn_domains
nftset=/telegram.tw/4#inet#fw4#vpn_domains
nftset=/telegram.xyz/4#inet#fw4#vpn_domains
nftset=/telegram.net/4#inet#fw4#vpn_domains
nftset=/telegram.asia/4#inet#fw4#vpn_domains
nftset=/telegram.biz/4#inet#fw4#vpn_domains
nftset=/telegram.cc/4#inet#fw4#vpn_domains
nftset=/telegram.co/4#inet#fw4#vpn_domains
nftset=/telegram.eu/4#inet#fw4#vpn_domains
nftset=/telegram.fi/4#inet#fw4#vpn_domains
nftset=/telegram.in/4#inet#fw4#vpn_domains
nftset=/telegram.io/4#inet#fw4#vpn_domains
nftset=/telegram.it/4#inet#fw4#vpn_domains
nftset=/telegram.kr/4#inet#fw4#vpn_domains
nftset=/telegram.link/4#inet#fw4#vpn_domains
nftset=/telegram.nu/4#inet#fw4#vpn_domains
nftset=/telegram.pe/4#inet#fw4#vpn_domains
nftset=/telegram.pw/4#inet#fw4#vpn_domains
nftset=/telegram.ru/4#inet#fw4#vpn_domains
nftset=/telegram.sg/4#inet#fw4#vpn_domains
nftset=/telegram.site/4#inet#fw4#vpn_domains
nftset=/telegram.td/4#inet#fw4#vpn_domains
nftset=/telegram.top/4#inet#fw4#vpn_domains